// Jest Snapshot v1, https://goo.gl/fbAQLP

exports[`layout-container test snappshoot 1`] = `
.emotion-0 {
  display: -webkit-inline-box;
  display: -webkit-inline-flex;
  display: -ms-inline-flexbox;
  display: inline-flex;
  -webkit-box-pack: justify;
  -webkit-justify-content: space-between;
  -ms-flex-pack: justify;
  justify-content: space-between;
  max-width: 25%;
  -webkit-flex: 0 1 25%;
  -ms-flex: 0 1 25%;
  flex: 0 1 25%;
}

@media only screen and (min-width :1824px) {
  .emotion-0 {
    max-width: 20%;
    -webkit-flex: 0 1 20%;
    -ms-flex: 0 1 20%;
    flex: 0 1 20%;
  }
}

@media only screen and (min-width :768px) and (max-width :1024px) {
  .emotion-0 {
    max-width: 33%;
    -webkit-flex: 0 1 33%;
    -ms-flex: 0 1 33%;
    flex: 0 1 33%;
  }
}

@media only screen and (min-width :320px) and (max-width :768px) {
  .emotion-0 {
    max-width: 50%;
    -webkit-flex: 0 1 50%;
    -ms-flex: 0 1 50%;
    flex: 0 1 50%;
  }
}

<div
  className="emotion-0"
/>
`;

exports[`product-card test snappshoot 1`] = `
.emotion-0 {
  display: -webkit-inline-box;
  display: -webkit-inline-flex;
  display: -ms-inline-flexbox;
  display: inline-flex;
  -webkit-box-pack: justify;
  -webkit-justify-content: space-between;
  -ms-flex-pack: justify;
  justify-content: space-between;
  max-width: 25%;
  -webkit-flex: 0 1 25%;
  -ms-flex: 0 1 25%;
  flex: 0 1 25%;
}

@media only screen and (min-width :1824px) {
  .emotion-0 {
    max-width: 20%;
    -webkit-flex: 0 1 20%;
    -ms-flex: 0 1 20%;
    flex: 0 1 20%;
  }
}

@media only screen and (min-width :768px) and (max-width :1024px) {
  .emotion-0 {
    max-width: 33%;
    -webkit-flex: 0 1 33%;
    -ms-flex: 0 1 33%;
    flex: 0 1 33%;
  }
}

@media only screen and (min-width :320px) and (max-width :768px) {
  .emotion-0 {
    max-width: 50%;
    -webkit-flex: 0 1 50%;
    -ms-flex: 0 1 50%;
    flex: 0 1 50%;
  }
}

<div
  className="emotion-0"
/>
`;
