// Jest Snapshot v1, https://goo.gl/fbAQLP

exports[`product-filter test snappshoot 1`] = `
.emotion-0 {
  -webkit-flex: 1;
  -ms-flex: 1;
  flex: 1;
  width: 100%;
  height: 100px;
  background: #f0f0f0;
}

<div
  className="emotion-0"
/>
`;
