// Jest Snapshot v1, https://goo.gl/fbAQLP

exports[`layout-container test snappshoot 1`] = `
.emotion-0 {
  margin: 0px 80px;
  display: -webkit-box;
  display: -webkit-flex;
  display: -ms-flexbox;
  display: flex;
  -webkit-box-pack: justify;
  -webkit-justify-content: space-between;
  -ms-flex-pack: justify;
  justify-content: space-between;
  -webkit-flex-wrap: wrap;
  -webkit-flex-wrap: wrap;
  -ms-flex-wrap: wrap;
  flex-wrap: wrap;
}

@media only screen and (min-width :768px) and (max-width :1024px) {
  .emotion-0 {
    margin: 0px 30px;
  }
}

@media only screen and (min-width :320px) and (max-width :768px) {
  .emotion-0 {
    margin: 0px 15px;
  }
}

<div
  className="emotion-0"
>
  Test
</div>
`;
